******************************************************************************
                  TI ARM Linker PC v18.12.4                    
******************************************************************************
>> Linked Thu Mar  5 21:57:31 2020

OUTPUT FILE NAME:   <Homework3_Starter.out>
ENTRY POINT SYMBOL: "_c_int00_noargs"  address: 00000601


MEMORY CONFIGURATION

         name            origin    length      used     unused   attr    fill
----------------------  --------  ---------  --------  --------  ----  --------
  MAIN                  00000000   00040000  0000074a  0003f8b6  R  X
  INFO                  00200000   00004000  00000000  00004000  R  X
  SRAM_CODE             01000000   00010000  00000208  0000fdf8  RW X
  SRAM_DATA             20000000   00010000  00000208  0000fdf8  RW  


SEGMENT ALLOCATION MAP

run origin  load origin   length   init length attrs members
----------  ----------- ---------- ----------- ----- -------
00000000    00000000    00000750   00000750    r-x
  00000000    00000000    000000e4   000000e4    r-- .intvecs
  000000e4    000000e4    0000064e   0000064e    r-x .text
  00000738    00000738    00000018   00000018    r-- .cinit
20000000    20000000    00000008   00000000    rw-
  20000000    20000000    00000008   00000000    rw- .data
2000fe00    2000fe00    00000200   00000000    rw-
  2000fe00    2000fe00    00000200   00000000    rw- .stack


SECTION ALLOCATION MAP

 output                                  attributes/
section   page    origin      length       input sections
--------  ----  ----------  ----------   ----------------
.intvecs   0    00000000    000000e4     
                  00000000    000000e4     startup_msp432p401r_ccs.obj (.intvecs:retain)

.text      0    000000e4    0000064e     
                  000000e4    00000108     myGPIO.obj (.text:initGPIO)
                  000001ec    0000009c     rtsv7M4_T_le_v4SPD16_eabi.lib : memcpy_t2.asm.obj (.text)
                  00000288    00000078     system_msp432p401r.obj (.text:SystemInit)
                  00000300    00000068     msp432p4xx_driverlib.lib : timer32.o (.text:Timer32_initModule)
                  00000368    00000068     rtsv7M4_T_le_v4SPD16_eabi.lib : copy_decompress_lzss.c.obj (.text:decompress:lzss:__TI_decompress_lzss)
                  000003d0    00000068     homework3.obj (.text:main)
                  00000438    0000005e     homework3.obj (.text:changeLaunchpadLED2)
                  00000496    00000002     startup_msp432p401r_ccs.obj (.text:Default_Handler)
                  00000498    00000048     myTimer.obj (.text:initTimer)
                  000004e0    00000044     rtsv7M4_T_le_v4SPD16_eabi.lib : autoinit.c.obj (.text:__TI_auto_init_nobinit_nopinit:__TI_auto_init_nobinit_nopinit)
                  00000524    00000038     msp432p4xx_driverlib.lib : timer32.o (.text:Timer32_startTimer)
                  0000055c    00000038     myTimer.obj (.text:timer0Expired)
                  00000594    00000038     myTimer.obj (.text:timer1Expired)
                  000005cc    00000034     msp432p4xx_driverlib.lib : timer32.o (.text:Timer32_setCount)
                  00000600    00000034     rtsv7M4_T_le_v4SPD16_eabi.lib : boot_cortex_m.c.obj (.text:_c_int00_noargs:_c_int00_noargs)
                  00000634    00000024     msp432p4xx_driverlib.lib : wdt_a.o (.text:WDT_A_holdTimer)
                  00000658    0000001e     homework3.obj (.text:fsmBoosterpackButtonS1)
                  00000676    00000002     --HOLE-- [fill = 0]
                  00000678    00000014     myGPIO.obj (.text:TurnOff_Launchpad_LED2_B)
                  0000068c    00000014     myGPIO.obj (.text:TurnOff_Launchpad_LED2_G)
                  000006a0    00000014     myGPIO.obj (.text:TurnOff_Launchpad_LED2_R)
                  000006b4    00000014     myGPIO.obj (.text:TurnOn_Launchpad_LED2_B)
                  000006c8    00000014     myGPIO.obj (.text:TurnOn_Launchpad_LED2_G)
                  000006dc    00000014     myGPIO.obj (.text:TurnOn_Launchpad_LED2_R)
                  000006f0    0000000e     msp432p4xx_driverlib.lib : timer32.o (.text:Timer32_getValue)
                  000006fe    0000000e     rtsv7M4_T_le_v4SPD16_eabi.lib : copy_decompress_none.c.obj (.text:decompress:none:__TI_decompress_none)
                  0000070c    0000000c     startup_msp432p401r_ccs.obj (.text:Reset_Handler)
                  00000718    0000000a     homework3.obj (.text:changeBoosterpackLED)
                  00000722    00000008     homework3.obj (.text:initBoard)
                  0000072a    00000004     rtsv7M4_T_le_v4SPD16_eabi.lib : pre_init.c.obj (.text:_system_pre_init)
                  0000072e    00000004                                   : exit.c.obj (.text:abort:abort)

.cinit     0    00000738    00000018     
                  00000738    00000008     (__TI_handler_table)
                  00000740    00000007     (.cinit..data.load) [load image, compression = lzss]
                  00000747    00000001     --HOLE-- [fill = 0]
                  00000748    00000008     (__TI_cinit_table)

.init_array 
*          0    00000000    00000000     UNINITIALIZED

.binit     0    00000000    00000000     

.data      0    20000000    00000008     UNINITIALIZED
                  20000000    00000008     myTimer.obj (.data)

.stack     0    2000fe00    00000200     UNINITIALIZED
                  2000fe00    00000004     rtsv7M4_T_le_v4SPD16_eabi.lib : boot_cortex_m.c.obj (.stack)
                  2000fe04    000001fc     --HOLE--

MODULE SUMMARY

       Module                        code   ro data   rw data
       ------                        ----   -------   -------
    .\
       myGPIO.obj                    384    0         0      
       homework3.obj                 246    0         0      
       myTimer.obj                   184    0         16     
       system_msp432p401r.obj        120    0         0      
    +--+-----------------------------+------+---------+---------+
       Total:                        934    0         16     
                                                             
    .\ccs\
       startup_msp432p401r_ccs.obj   14     228       0      
    +--+-----------------------------+------+---------+---------+
       Total:                        14     228       0      
                                                             
    C:/ti/simplelink_msp432p4_sdk_3_30_00_13/source/ti/devices/msp432p4xx/driverlib/ccs/msp432p4xx_driverlib.lib
       timer32.o                     226    0         0      
       wdt_a.o                       36     0         0      
    +--+-----------------------------+------+---------+---------+
       Total:                        262    0         0      
                                                             
    C:\ti\ccs930\ccs\tools\compiler\ti-cgt-arm_18.12.4.LTS\lib\rtsv7M4_T_le_v4SPD16_eabi.lib
       memcpy_t2.asm.obj             156    0         0      
       copy_decompress_lzss.c.obj    104    0         0      
       autoinit.c.obj                68     0         0      
       boot_cortex_m.c.obj           52     0         0      
       copy_decompress_none.c.obj    14     0         0      
       exit.c.obj                    4      0         0      
       pre_init.c.obj                4      0         0      
    +--+-----------------------------+------+---------+---------+
       Total:                        402    0         0      
                                                             
       Stack:                        0      0         1024   
       Linker Generated:             0      23        0      
    +--+-----------------------------+------+---------+---------+
       Grand Total:                  1612   251       1040   


LINKER GENERATED COPY TABLES

__TI_cinit_table @ 00000748 records: 1, size/record: 8, table size: 8
	.data: load addr=00000740, load size=00000007 bytes, run addr=20000000, run size=00000008 bytes, compression=lzss


LINKER GENERATED HANDLER TABLE

__TI_handler_table @ 00000738 records: 2, size/record: 4, table size: 8
	index: 0, handler: __TI_decompress_lzss
	index: 1, handler: __TI_decompress_none


GLOBAL SYMBOLS: SORTED ALPHABETICALLY BY Name 

address   name                          
-------   ----                          
00000497  ADC14_IRQHandler              
00000497  AES256_IRQHandler             
00000497  BusFault_Handler              
0000072f  C$$EXIT                       
00000497  COMP_E0_IRQHandler            
00000497  COMP_E1_IRQHandler            
00000497  CS_IRQHandler                 
00000497  DMA_ERR_IRQHandler            
00000497  DMA_INT0_IRQHandler           
00000497  DMA_INT1_IRQHandler           
00000497  DMA_INT2_IRQHandler           
00000497  DMA_INT3_IRQHandler           
00000497  DebugMon_Handler              
00000497  Default_Handler               
00000497  EUSCIA0_IRQHandler            
00000497  EUSCIA1_IRQHandler            
00000497  EUSCIA2_IRQHandler            
00000497  EUSCIA3_IRQHandler            
00000497  EUSCIB0_IRQHandler            
00000497  EUSCIB1_IRQHandler            
00000497  EUSCIB2_IRQHandler            
00000497  EUSCIB3_IRQHandler            
00000497  FLCTL_IRQHandler              
00000497  FPU_IRQHandler                
00000497  HardFault_Handler             
00000497  MemManage_Handler             
00000497  NMI_Handler                   
00000497  PCM_IRQHandler                
00000497  PORT1_IRQHandler              
00000497  PORT2_IRQHandler              
00000497  PORT3_IRQHandler              
00000497  PORT4_IRQHandler              
00000497  PORT5_IRQHandler              
00000497  PORT6_IRQHandler              
00000497  PSS_IRQHandler                
00000497  PendSV_Handler                
00000497  RTC_C_IRQHandler              
0000070d  Reset_Handler                 
00000497  SVC_Handler                   
00000497  SysTick_Handler               
00000289  SystemInit                    
00000497  T32_INT1_IRQHandler           
00000497  T32_INT2_IRQHandler           
00000497  T32_INTC_IRQHandler           
00000497  TA0_0_IRQHandler              
00000497  TA0_N_IRQHandler              
00000497  TA1_0_IRQHandler              
00000497  TA1_N_IRQHandler              
00000497  TA2_0_IRQHandler              
00000497  TA2_N_IRQHandler              
00000497  TA3_0_IRQHandler              
00000497  TA3_N_IRQHandler              
000006f1  Timer32_getValue              
00000301  Timer32_initModule            
000005cd  Timer32_setCount              
00000525  Timer32_startTimer            
00000679  TurnOff_Launchpad_LED2_B      
0000068d  TurnOff_Launchpad_LED2_G      
000006a1  TurnOff_Launchpad_LED2_R      
000006b5  TurnOn_Launchpad_LED2_B       
000006c9  TurnOn_Launchpad_LED2_G       
000006dd  TurnOn_Launchpad_LED2_R       
00000497  UsageFault_Handler            
4000480c  WDTCTL_SYM                    
00000497  WDT_A_IRQHandler              
00000635  WDT_A_holdTimer               
20010000  __STACK_END                   
00000200  __STACK_SIZE                  
00000748  __TI_CINIT_Base               
00000750  __TI_CINIT_Limit              
00000738  __TI_Handler_Table_Base       
00000740  __TI_Handler_Table_Limit      
000004e1  __TI_auto_init_nobinit_nopinit
00000369  __TI_decompress_lzss          
000006ff  __TI_decompress_none          
ffffffff  __TI_pprof_out_hndl           
ffffffff  __TI_prof_data_size           
ffffffff  __TI_prof_data_start          
00000000  __TI_static_base__            
000001ed  __aeabi_memcpy                
000001ed  __aeabi_memcpy4               
000001ed  __aeabi_memcpy8               
ffffffff  __binit__                     
ffffffff  __c_args__                    
UNDEFED   __mpu_init                    
2000fe00  __stack                       
00000601  _c_int00_noargs               
UNDEFED   _system_post_cinit            
0000072b  _system_pre_init              
0000072f  abort                         
ffffffff  binit                         
00000719  changeBoosterpackLED          
00000439  changeLaunchpadLED2           
00000659  fsmBoosterpackButtonS1        
00000723  initBoard                     
000000e5  initGPIO                      
00000499  initTimer                     
00000000  interruptVectors              
000003d1  main                          
000001ed  memcpy                        
0000055d  timer0Expired                 
00000595  timer1Expired                 


GLOBAL SYMBOLS: SORTED BY Symbol Address 

address   name                          
-------   ----                          
00000000  __TI_static_base__            
00000000  interruptVectors              
000000e5  initGPIO                      
000001ed  __aeabi_memcpy                
000001ed  __aeabi_memcpy4               
000001ed  __aeabi_memcpy8               
000001ed  memcpy                        
00000200  __STACK_SIZE                  
00000289  SystemInit                    
00000301  Timer32_initModule            
00000369  __TI_decompress_lzss          
000003d1  main                          
00000439  changeLaunchpadLED2           
00000497  ADC14_IRQHandler              
00000497  AES256_IRQHandler             
00000497  BusFault_Handler              
00000497  COMP_E0_IRQHandler            
00000497  COMP_E1_IRQHandler            
00000497  CS_IRQHandler                 
00000497  DMA_ERR_IRQHandler            
00000497  DMA_INT0_IRQHandler           
00000497  DMA_INT1_IRQHandler           
00000497  DMA_INT2_IRQHandler           
00000497  DMA_INT3_IRQHandler           
00000497  DebugMon_Handler              
00000497  Default_Handler               
00000497  EUSCIA0_IRQHandler            
00000497  EUSCIA1_IRQHandler            
00000497  EUSCIA2_IRQHandler            
00000497  EUSCIA3_IRQHandler            
00000497  EUSCIB0_IRQHandler            
00000497  EUSCIB1_IRQHandler            
00000497  EUSCIB2_IRQHandler            
00000497  EUSCIB3_IRQHandler            
00000497  FLCTL_IRQHandler              
00000497  FPU_IRQHandler                
00000497  HardFault_Handler             
00000497  MemManage_Handler             
00000497  NMI_Handler                   
00000497  PCM_IRQHandler                
00000497  PORT1_IRQHandler              
00000497  PORT2_IRQHandler              
00000497  PORT3_IRQHandler              
00000497  PORT4_IRQHandler              
00000497  PORT5_IRQHandler              
00000497  PORT6_IRQHandler              
00000497  PSS_IRQHandler                
00000497  PendSV_Handler                
00000497  RTC_C_IRQHandler              
00000497  SVC_Handler                   
00000497  SysTick_Handler               
00000497  T32_INT1_IRQHandler           
00000497  T32_INT2_IRQHandler           
00000497  T32_INTC_IRQHandler           
00000497  TA0_0_IRQHandler              
00000497  TA0_N_IRQHandler              
00000497  TA1_0_IRQHandler              
00000497  TA1_N_IRQHandler              
00000497  TA2_0_IRQHandler              
00000497  TA2_N_IRQHandler              
00000497  TA3_0_IRQHandler              
00000497  TA3_N_IRQHandler              
00000497  UsageFault_Handler            
00000497  WDT_A_IRQHandler              
00000499  initTimer                     
000004e1  __TI_auto_init_nobinit_nopinit
00000525  Timer32_startTimer            
0000055d  timer0Expired                 
00000595  timer1Expired                 
000005cd  Timer32_setCount              
00000601  _c_int00_noargs               
00000635  WDT_A_holdTimer               
00000659  fsmBoosterpackButtonS1        
00000679  TurnOff_Launchpad_LED2_B      
0000068d  TurnOff_Launchpad_LED2_G      
000006a1  TurnOff_Launchpad_LED2_R      
000006b5  TurnOn_Launchpad_LED2_B       
000006c9  TurnOn_Launchpad_LED2_G       
000006dd  TurnOn_Launchpad_LED2_R       
000006f1  Timer32_getValue              
000006ff  __TI_decompress_none          
0000070d  Reset_Handler                 
00000719  changeBoosterpackLED          
00000723  initBoard                     
0000072b  _system_pre_init              
0000072f  C$$EXIT                       
0000072f  abort                         
00000738  __TI_Handler_Table_Base       
00000740  __TI_Handler_Table_Limit      
00000748  __TI_CINIT_Base               
00000750  __TI_CINIT_Limit              
2000fe00  __stack                       
20010000  __STACK_END                   
4000480c  WDTCTL_SYM                    
ffffffff  __TI_pprof_out_hndl           
ffffffff  __TI_prof_data_size           
ffffffff  __TI_prof_data_start          
ffffffff  __binit__                     
ffffffff  __c_args__                    
ffffffff  binit                         
UNDEFED   __mpu_init                    
UNDEFED   _system_post_cinit            

[102 symbols]
